
> frontend@0.0.0 build
> tsc -b && vite build

src/pages/studio/CaricoLavoroPage.tsx(1,29): error TS6133: 'useEffect' is declared but its value is never read.
src/pages/studio/CaricoLavoroPage.tsx(17,3): error TS6133: 'ChevronRight' is declared but its value is never read.
src/pages/studio/CaricoLavoroPage.tsx(18,11): error TS6133: 'UserIcon' is declared but its value is never read.
src/pages/studio/CaricoLavoroPage.tsx(27,52): error TS6133: 'CardDescription' is declared but its value is never read.
src/pages/studio/CaricoLavoroPage.tsx(55,1): error TS6133: 'Progress' is declared but its value is never read.
src/pages/studio/CaricoLavoroPage.tsx(512,40): error TS2322: Type 'string | null | undefined' is not assignable to type 'string | undefined'.
  Type 'null' is not assignable to type 'string | undefined'.
src/pages/studio/CaricoLavoroPage.tsx(697,46): error TS2322: Type 'string | null | undefined' is not assignable to type 'string | undefined'.
  Type 'null' is not assignable to type 'string | undefined'.
