src/components/clienti/ClienteDialog.tsx(23,1): error TS6192: All imports in import declaration are unused.
src/components/clienti/ClienteDialog.tsx(64,5): error TS2322: Type 'Resolver<{ ragione_sociale: string; piva?: string | undefined; codice_fiscale?: string | undefined; email?: string | undefined; telefono?: string | undefined; referente?: string | undefined; ... 6 more ...; note?: string | undefined; }, any, { ...; }>' is not assignable to type 'Resolver<{ ragione_sociale: string; paese: string; attivo: boolean; piva?: string | undefined; codice_fiscale?: string | undefined; email?: string | undefined; telefono?: string | undefined; ... 5 more ...; note?: string | undefined; }, any, { ...; }>'.
  Types of parameters 'options' and 'options' are incompatible.
    Type 'ResolverOptions<{ ragione_sociale: string; paese: string; attivo: boolean; piva?: string | undefined; codice_fiscale?: string | undefined; email?: string | undefined; telefono?: string | undefined; ... 5 more ...; note?: string | undefined; }>' is not assignable to type 'ResolverOptions<{ ragione_sociale: string; piva?: string | undefined; codice_fiscale?: string | undefined; email?: string | undefined; telefono?: string | undefined; referente?: string | undefined; ... 6 more ...; note?: string | undefined; }>'.
      Type 'string | undefined' is not assignable to type 'string'.
        Type 'undefined' is not assignable to type 'string'.
src/components/clienti/ClienteDialog.tsx(139,45): error TS2345: Argument of type '(values: ClienteFormValues) => Promise<void>' is not assignable to parameter of type 'SubmitHandler<TFieldValues>'.
  Types of parameters 'values' and 'data' are incompatible.
    Type 'TFieldValues' is not assignable to type '{ ragione_sociale: string; paese: string; attivo: boolean; piva?: string | undefined; codice_fiscale?: string | undefined; email?: string | undefined; telefono?: string | undefined; referente?: string | undefined; ... 4 more ...; note?: string | undefined; }'.
      Type 'FieldValues' is missing the following properties from type '{ ragione_sociale: string; paese: string; attivo: boolean; piva?: string | undefined; codice_fiscale?: string | undefined; email?: string | undefined; telefono?: string | undefined; referente?: string | undefined; ... 4 more ...; note?: string | undefined; }': ragione_sociale, paese, attivo
src/components/clienti/ClienteDialog.tsx(142,17): error TS2322: Type 'Control<{ ragione_sociale: string; paese: string; attivo: boolean; piva?: string | undefined; codice_fiscale?: string | undefined; email?: string | undefined; telefono?: string | undefined; ... 5 more ...; note?: string | undefined; }, any, TFieldValues>' is not assignable to type 'Control<{ ragione_sociale: string; paese: string; attivo: boolean; piva?: string | undefined; codice_fiscale?: string | undefined; email?: string | undefined; telefono?: string | undefined; ... 5 more ...; note?: string | undefined; }, any, { ...; }>'.
  The types of '_options.resolver' are incompatible between these types.
    Type 'Resolver<{ ragione_sociale: string; paese: string; attivo: boolean; piva?: string | undefined; codice_fiscale?: string | undefined; email?: string | undefined; telefono?: string | undefined; ... 5 more ...; note?: string | undefined; }, any, TFieldValues> | undefined' is not assignable to type 'Resolver<{ ragione_sociale: string; paese: string; attivo: boolean; piva?: string | undefined; codice_fiscale?: string | undefined; email?: string | undefined; telefono?: string | undefined; ... 5 more ...; note?: string | undefined; }, any, { ...; }> | undefined'.
      Type 'Resolver<{ ragione_sociale: string; paese: string; attivo: boolean; piva?: string | undefined; codice_fiscale?: string | undefined; email?: string | undefined; telefono?: string | undefined; ... 5 more ...; note?: string | undefined; }, any, TFieldValues>' is not assignable to type 'Resolver<{ ragione_sociale: string; paese: string; attivo: boolean; piva?: string | undefined; codice_fiscale?: string | undefined; email?: string | undefined; telefono?: string | undefined; ... 5 more ...; note?: string | undefined; }, any, { ...; }>'.
        Type 'ResolverResult<{ ragione_sociale: string; paese: string; attivo: boolean; piva?: string | undefined; codice_fiscale?: string | undefined; email?: string | undefined; telefono?: string | undefined; ... 5 more ...; note?: string | undefined; }, TFieldValues> | Promise<...>' is not assignable to type 'ResolverResult<{ ragione_sociale: string; paese: string; attivo: boolean; piva?: string | undefined; codice_fiscale?: string | undefined; email?: string | undefined; telefono?: string | undefined; ... 5 more ...; note?: string | undefined; }, { ...; }> | Promise<...>'.
          Type 'ResolverSuccess<TFieldValues>' is not assignable to type 'ResolverResult<{ ragione_sociale: string; paese: string; attivo: boolean; piva?: string | undefined; codice_fiscale?: string | undefined; email?: string | undefined; telefono?: string | undefined; ... 5 more ...; note?: string | undefined; }, { ...; }> | Promise<...>'.
            Type 'ResolverSuccess<TFieldValues>' is not assignable to type 'ResolverSuccess<{ ragione_sociale: string; paese: string; attivo: boolean; piva?: string | undefined; codice_fiscale?: string | undefined; email?: string | undefined; telefono?: string | undefined; ... 5 more ...; note?: string | undefined; }>'.
              Type 'TFieldValues' is not assignable to type '{ ragione_sociale: string; paese: string; attivo: boolean; piva?: string | undefined; codice_fiscale?: string | undefined; email?: string | undefined; telefono?: string | undefined; referente?: string | undefined; ... 4 more ...; note?: string | undefined; }'.
                Type 'FieldValues' is missing the following properties from type '{ ragione_sociale: string; paese: string; attivo: boolean; piva?: string | undefined; codice_fiscale?: string | undefined; email?: string | undefined; telefono?: string | undefined; referente?: string | undefined; ... 4 more ...; note?: string | undefined; }': ragione_sociale, paese, attivo
src/components/clienti/ClienteDialog.tsx(156,17): error TS2322: Type 'Control<{ ragione_sociale: string; paese: string; attivo: boolean; piva?: string | undefined; codice_fiscale?: string | undefined; email?: string | undefined; telefono?: string | undefined; ... 5 more ...; note?: string | undefined; }, any, TFieldValues>' is not assignable to type 'Control<{ ragione_sociale: string; paese: string; attivo: boolean; piva?: string | undefined; codice_fiscale?: string | undefined; email?: string | undefined; telefono?: string | undefined; ... 5 more ...; note?: string | undefined; }, any, { ...; }>'.
  The types of '_options.resolver' are incompatible between these types.
    Type 'Resolver<{ ragione_sociale: string; paese: string; attivo: boolean; piva?: string | undefined; codice_fiscale?: string | undefined; email?: string | undefined; telefono?: string | undefined; ... 5 more ...; note?: string | undefined; }, any, TFieldValues> | undefined' is not assignable to type 'Resolver<{ ragione_sociale: string; paese: string; attivo: boolean; piva?: string | undefined; codice_fiscale?: string | undefined; email?: string | undefined; telefono?: string | undefined; ... 5 more ...; note?: string | undefined; }, any, { ...; }> | undefined'.
      Type 'Resolver<{ ragione_sociale: string; paese: string; attivo: boolean; piva?: string | undefined; codice_fiscale?: string | undefined; email?: string | undefined; telefono?: string | undefined; ... 5 more ...; note?: string | undefined; }, any, TFieldValues>' is not assignable to type 'Resolver<{ ragione_sociale: string; paese: string; attivo: boolean; piva?: string | undefined; codice_fiscale?: string | undefined; email?: string | undefined; telefono?: string | undefined; ... 5 more ...; note?: string | undefined; }, any, { ...; }>'.
        Type 'ResolverResult<{ ragione_sociale: string; paese: string; attivo: boolean; piva?: string | undefined; codice_fiscale?: string | undefined; email?: string | undefined; telefono?: string | undefined; ... 5 more ...; note?: string | undefined; }, TFieldValues> | Promise<...>' is not assignable to type 'ResolverResult<{ ragione_sociale: string; paese: string; attivo: boolean; piva?: string | undefined; codice_fiscale?: string | undefined; email?: string | undefined; telefono?: string | undefined; ... 5 more ...; note?: string | undefined; }, { ...; }> | Promise<...>'.
          Type 'ResolverSuccess<TFieldValues>' is not assignable to type 'ResolverResult<{ ragione_sociale: string; paese: string; attivo: boolean; piva?: string | undefined; codice_fiscale?: string | undefined; email?: string | undefined; telefono?: string | undefined; ... 5 more ...; note?: string | undefined; }, { ...; }> | Promise<...>'.
            Type 'ResolverSuccess<TFieldValues>' is not assignable to type 'ResolverSuccess<{ ragione_sociale: string; paese: string; attivo: boolean; piva?: string | undefined; codice_fiscale?: string | undefined; email?: string | undefined; telefono?: string | undefined; ... 5 more ...; note?: string | undefined; }>'.
              Type 'TFieldValues' is not assignable to type '{ ragione_sociale: string; paese: string; attivo: boolean; piva?: string | undefined; codice_fiscale?: string | undefined; email?: string | undefined; telefono?: string | undefined; referente?: string | undefined; ... 4 more ...; note?: string | undefined; }'.
                Type 'FieldValues' is missing the following properties from type '{ ragione_sociale: string; paese: string; attivo: boolean; piva?: string | undefined; codice_fiscale?: string | undefined; email?: string | undefined; telefono?: string | undefined; referente?: string | undefined; ... 4 more ...; note?: string | undefined; }': ragione_sociale, paese, attivo
src/components/clienti/ClienteDialog.tsx(170,17): error TS2322: Type 'Control<{ ragione_sociale: string; paese: string; attivo: boolean; piva?: string | undefined; codice_fiscale?: string | undefined; email?: string | undefined; telefono?: string | undefined; ... 5 more ...; note?: string | undefined; }, any, TFieldValues>' is not assignable to type 'Control<{ ragione_sociale: string; paese: string; attivo: boolean; piva?: string | undefined; codice_fiscale?: string | undefined; email?: string | undefined; telefono?: string | undefined; ... 5 more ...; note?: string | undefined; }, any, { ...; }>'.
  The types of '_options.resolver' are incompatible between these types.
    Type 'Resolver<{ ragione_sociale: string; paese: string; attivo: boolean; piva?: string | undefined; codice_fiscale?: string | undefined; email?: string | undefined; telefono?: string | undefined; ... 5 more ...; note?: string | undefined; }, any, TFieldValues> | undefined' is not assignable to type 'Resolver<{ ragione_sociale: string; paese: string; attivo: boolean; piva?: string | undefined; codice_fiscale?: string | undefined; email?: string | undefined; telefono?: string | undefined; ... 5 more ...; note?: string | undefined; }, any, { ...; }> | undefined'.
      Type 'Resolver<{ ragione_sociale: string; paese: string; attivo: boolean; piva?: string | undefined; codice_fiscale?: string | undefined; email?: string | undefined; telefono?: string | undefined; ... 5 more ...; note?: string | undefined; }, any, TFieldValues>' is not assignable to type 'Resolver<{ ragione_sociale: string; paese: string; attivo: boolean; piva?: string | undefined; codice_fiscale?: string | undefined; email?: string | undefined; telefono?: string | undefined; ... 5 more ...; note?: string | undefined; }, any, { ...; }>'.
        Type 'ResolverResult<{ ragione_sociale: string; paese: string; attivo: boolean; piva?: string | undefined; codice_fiscale?: string | undefined; email?: string | undefined; telefono?: string | undefined; ... 5 more ...; note?: string | undefined; }, TFieldValues> | Promise<...>' is not assignable to type 'ResolverResult<{ ragione_sociale: string; paese: string; attivo: boolean; piva?: string | undefined; codice_fiscale?: string | undefined; email?: string | undefined; telefono?: string | undefined; ... 5 more ...; note?: string | undefined; }, { ...; }> | Promise<...>'.
          Type 'ResolverSuccess<TFieldValues>' is not assignable to type 'ResolverResult<{ ragione_sociale: string; paese: string; attivo: boolean; piva?: string | undefined; codice_fiscale?: string | undefined; email?: string | undefined; telefono?: string | undefined; ... 5 more ...; note?: string | undefined; }, { ...; }> | Promise<...>'.
            Type 'ResolverSuccess<TFieldValues>' is not assignable to type 'ResolverSuccess<{ ragione_sociale: string; paese: string; attivo: boolean; piva?: string | undefined; codice_fiscale?: string | undefined; email?: string | undefined; telefono?: string | undefined; ... 5 more ...; note?: string | undefined; }>'.
              Type 'TFieldValues' is not assignable to type '{ ragione_sociale: string; paese: string; attivo: boolean; piva?: string | undefined; codice_fiscale?: string | undefined; email?: string | undefined; telefono?: string | undefined; referente?: string | undefined; ... 4 more ...; note?: string | undefined; }'.
                Type 'FieldValues' is missing the following properties from type '{ ragione_sociale: string; paese: string; attivo: boolean; piva?: string | undefined; codice_fiscale?: string | undefined; email?: string | undefined; telefono?: string | undefined; referente?: string | undefined; ... 4 more ...; note?: string | undefined; }': ragione_sociale, paese, attivo
src/components/clienti/ClienteDialog.tsx(184,17): error TS2322: Type 'Control<{ ragione_sociale: string; paese: string; attivo: boolean; piva?: string | undefined; codice_fiscale?: string | undefined; email?: string | undefined; telefono?: string | undefined; ... 5 more ...; note?: string | undefined; }, any, TFieldValues>' is not assignable to type 'Control<{ ragione_sociale: string; paese: string; attivo: boolean; piva?: string | undefined; codice_fiscale?: string | undefined; email?: string | undefined; telefono?: string | undefined; ... 5 more ...; note?: string | undefined; }, any, { ...; }>'.
  The types of '_options.resolver' are incompatible between these types.
    Type 'Resolver<{ ragione_sociale: string; paese: string; attivo: boolean; piva?: string | undefined; codice_fiscale?: string | undefined; email?: string | undefined; telefono?: string | undefined; ... 5 more ...; note?: string | undefined; }, any, TFieldValues> | undefined' is not assignable to type 'Resolver<{ ragione_sociale: string; paese: string; attivo: boolean; piva?: string | undefined; codice_fiscale?: string | undefined; email?: string | undefined; telefono?: string | undefined; ... 5 more ...; note?: string | undefined; }, any, { ...; }> | undefined'.
      Type 'Resolver<{ ragione_sociale: string; paese: string; attivo: boolean; piva?: string | undefined; codice_fiscale?: string | undefined; email?: string | undefined; telefono?: string | undefined; ... 5 more ...; note?: string | undefined; }, any, TFieldValues>' is not assignable to type 'Resolver<{ ragione_sociale: string; paese: string; attivo: boolean; piva?: string | undefined; codice_fiscale?: string | undefined; email?: string | undefined; telefono?: string | undefined; ... 5 more ...; note?: string | undefined; }, any, { ...; }>'.
        Type 'ResolverResult<{ ragione_sociale: string; paese: string; attivo: boolean; piva?: string | undefined; codice_fiscale?: string | undefined; email?: string | undefined; telefono?: string | undefined; ... 5 more ...; note?: string | undefined; }, TFieldValues> | Promise<...>' is not assignable to type 'ResolverResult<{ ragione_sociale: string; paese: string; attivo: boolean; piva?: string | undefined; codice_fiscale?: string | undefined; email?: string | undefined; telefono?: string | undefined; ... 5 more ...; note?: string | undefined; }, { ...; }> | Promise<...>'.
          Type 'ResolverSuccess<TFieldValues>' is not assignable to type 'ResolverResult<{ ragione_sociale: string; paese: string; attivo: boolean; piva?: string | undefined; codice_fiscale?: string | undefined; email?: string | undefined; telefono?: string | undefined; ... 5 more ...; note?: string | undefined; }, { ...; }> | Promise<...>'.
            Type 'ResolverSuccess<TFieldValues>' is not assignable to type 'ResolverSuccess<{ ragione_sociale: string; paese: string; attivo: boolean; piva?: string | undefined; codice_fiscale?: string | undefined; email?: string | undefined; telefono?: string | undefined; ... 5 more ...; note?: string | undefined; }>'.
              Type 'TFieldValues' is not assignable to type '{ ragione_sociale: string; paese: string; attivo: boolean; piva?: string | undefined; codice_fiscale?: string | undefined; email?: string | undefined; telefono?: string | undefined; referente?: string | undefined; ... 4 more ...; note?: string | undefined; }'.
                Type 'FieldValues' is missing the following properties from type '{ ragione_sociale: string; paese: string; attivo: boolean; piva?: string | undefined; codice_fiscale?: string | undefined; email?: string | undefined; telefono?: string | undefined; referente?: string | undefined; ... 4 more ...; note?: string | undefined; }': ragione_sociale, paese, attivo
src/components/clienti/ClienteDialog.tsx(198,17): error TS2322: Type 'Control<{ ragione_sociale: string; paese: string; attivo: boolean; piva?: string | undefined; codice_fiscale?: string | undefined; email?: string | undefined; telefono?: string | undefined; ... 5 more ...; note?: string | undefined; }, any, TFieldValues>' is not assignable to type 'Control<{ ragione_sociale: string; paese: string; attivo: boolean; piva?: string | undefined; codice_fiscale?: string | undefined; email?: string | undefined; telefono?: string | undefined; ... 5 more ...; note?: string | undefined; }, any, { ...; }>'.
  The types of '_options.resolver' are incompatible between these types.
    Type 'Resolver<{ ragione_sociale: string; paese: string; attivo: boolean; piva?: string | undefined; codice_fiscale?: string | undefined; email?: string | undefined; telefono?: string | undefined; ... 5 more ...; note?: string | undefined; }, any, TFieldValues> | undefined' is not assignable to type 'Resolver<{ ragione_sociale: string; paese: string; attivo: boolean; piva?: string | undefined; codice_fiscale?: string | undefined; email?: string | undefined; telefono?: string | undefined; ... 5 more ...; note?: string | undefined; }, any, { ...; }> | undefined'.
      Type 'Resolver<{ ragione_sociale: string; paese: string; attivo: boolean; piva?: string | undefined; codice_fiscale?: string | undefined; email?: string | undefined; telefono?: string | undefined; ... 5 more ...; note?: string | undefined; }, any, TFieldValues>' is not assignable to type 'Resolver<{ ragione_sociale: string; paese: string; attivo: boolean; piva?: string | undefined; codice_fiscale?: string | undefined; email?: string | undefined; telefono?: string | undefined; ... 5 more ...; note?: string | undefined; }, any, { ...; }>'.
        Type 'ResolverResult<{ ragione_sociale: string; paese: string; attivo: boolean; piva?: string | undefined; codice_fiscale?: string | undefined; email?: string | undefined; telefono?: string | undefined; ... 5 more ...; note?: string | undefined; }, TFieldValues> | Promise<...>' is not assignable to type 'ResolverResult<{ ragione_sociale: string; paese: string; attivo: boolean; piva?: string | undefined; codice_fiscale?: string | undefined; email?: string | undefined; telefono?: string | undefined; ... 5 more ...; note?: string | undefined; }, { ...; }> | Promise<...>'.
          Type 'ResolverSuccess<TFieldValues>' is not assignable to type 'ResolverResult<{ ragione_sociale: string; paese: string; attivo: boolean; piva?: string | undefined; codice_fiscale?: string | undefined; email?: string | undefined; telefono?: string | undefined; ... 5 more ...; note?: string | undefined; }, { ...; }> | Promise<...>'.
            Type 'ResolverSuccess<TFieldValues>' is not assignable to type 'ResolverSuccess<{ ragione_sociale: string; paese: string; attivo: boolean; piva?: string | undefined; codice_fiscale?: string | undefined; email?: string | undefined; telefono?: string | undefined; ... 5 more ...; note?: string | undefined; }>'.
              Type 'TFieldValues' is not assignable to type '{ ragione_sociale: string; paese: string; attivo: boolean; piva?: string | undefined; codice_fiscale?: string | undefined; email?: string | undefined; telefono?: string | undefined; referente?: string | undefined; ... 4 more ...; note?: string | undefined; }'.
                Type 'FieldValues' is missing the following properties from type '{ ragione_sociale: string; paese: string; attivo: boolean; piva?: string | undefined; codice_fiscale?: string | undefined; email?: string | undefined; telefono?: string | undefined; referente?: string | undefined; ... 4 more ...; note?: string | undefined; }': ragione_sociale, paese, attivo
src/components/clienti/ClienteDialog.tsx(212,17): error TS2322: Type 'Control<{ ragione_sociale: string; paese: string; attivo: boolean; piva?: string | undefined; codice_fiscale?: string | undefined; email?: string | undefined; telefono?: string | undefined; ... 5 more ...; note?: string | undefined; }, any, TFieldValues>' is not assignable to type 'Control<{ ragione_sociale: string; paese: string; attivo: boolean; piva?: string | undefined; codice_fiscale?: string | undefined; email?: string | undefined; telefono?: string | undefined; ... 5 more ...; note?: string | undefined; }, any, { ...; }>'.
  The types of '_options.resolver' are incompatible between these types.
    Type 'Resolver<{ ragione_sociale: string; paese: string; attivo: boolean; piva?: string | undefined; codice_fiscale?: string | undefined; email?: string | undefined; telefono?: string | undefined; ... 5 more ...; note?: string | undefined; }, any, TFieldValues> | undefined' is not assignable to type 'Resolver<{ ragione_sociale: string; paese: string; attivo: boolean; piva?: string | undefined; codice_fiscale?: string | undefined; email?: string | undefined; telefono?: string | undefined; ... 5 more ...; note?: string | undefined; }, any, { ...; }> | undefined'.
      Type 'Resolver<{ ragione_sociale: string; paese: string; attivo: boolean; piva?: string | undefined; codice_fiscale?: string | undefined; email?: string | undefined; telefono?: string | undefined; ... 5 more ...; note?: string | undefined; }, any, TFieldValues>' is not assignable to type 'Resolver<{ ragione_sociale: string; paese: string; attivo: boolean; piva?: string | undefined; codice_fiscale?: string | undefined; email?: string | undefined; telefono?: string | undefined; ... 5 more ...; note?: string | undefined; }, any, { ...; }>'.
        Type 'ResolverResult<{ ragione_sociale: string; paese: string; attivo: boolean; piva?: string | undefined; codice_fiscale?: string | undefined; email?: string | undefined; telefono?: string | undefined; ... 5 more ...; note?: string | undefined; }, TFieldValues> | Promise<...>' is not assignable to type 'ResolverResult<{ ragione_sociale: string; paese: string; attivo: boolean; piva?: string | undefined; codice_fiscale?: string | undefined; email?: string | undefined; telefono?: string | undefined; ... 5 more ...; note?: string | undefined; }, { ...; }> | Promise<...>'.
          Type 'ResolverSuccess<TFieldValues>' is not assignable to type 'ResolverResult<{ ragione_sociale: string; paese: string; attivo: boolean; piva?: string | undefined; codice_fiscale?: string | undefined; email?: string | undefined; telefono?: string | undefined; ... 5 more ...; note?: string | undefined; }, { ...; }> | Promise<...>'.
            Type 'ResolverSuccess<TFieldValues>' is not assignable to type 'ResolverSuccess<{ ragione_sociale: string; paese: string; attivo: boolean; piva?: string | undefined; codice_fiscale?: string | undefined; email?: string | undefined; telefono?: string | undefined; ... 5 more ...; note?: string | undefined; }>'.
              Type 'TFieldValues' is not assignable to type '{ ragione_sociale: string; paese: string; attivo: boolean; piva?: string | undefined; codice_fiscale?: string | undefined; email?: string | undefined; telefono?: string | undefined; referente?: string | undefined; ... 4 more ...; note?: string | undefined; }'.
                Type 'FieldValues' is missing the following properties from type '{ ragione_sociale: string; paese: string; attivo: boolean; piva?: string | undefined; codice_fiscale?: string | undefined; email?: string | undefined; telefono?: string | undefined; referente?: string | undefined; ... 4 more ...; note?: string | undefined; }': ragione_sociale, paese, attivo
src/components/clienti/ClienteTable.tsx(20,1): error TS6133: 'Badge' is declared but its value is never read.
src/components/clienti/ClienteTable.tsx(27,3): error TS6133: 'ArrowUpDown' is declared but its value is never read.
