src/components/GenericPlaceholder.tsx(1,1): error TS6133: 'React' is declared but its value is never read.
src/components/layout/AppSidebar.tsx(1,1): error TS6133: 'React' is declared but its value is never read.
src/components/layout/AppSidebar.tsx(12,3): error TS6133: 'Moon' is declared but its value is never read.
src/components/layout/AppSidebar.tsx(13,3): error TS6133: 'Sun' is declared but its value is never read.
src/components/layout/AppSidebar.tsx(26,3): error TS6133: 'SidebarMenuSub' is declared but its value is never read.
src/components/layout/AppSidebar.tsx(27,3): error TS6133: 'SidebarMenuSubButton' is declared but its value is never read.
src/components/layout/AppSidebar.tsx(28,3): error TS6133: 'SidebarMenuSubItem' is declared but its value is never read.
src/components/layout/AppSidebar.tsx(32,3): error TS6133: 'SidebarTrigger' is declared but its value is never read.
src/components/layout/AppTopbar.tsx(6,3): error TS6133: 'LayoutGrid' is declared but its value is never read.
src/components/layout/AppTopbar.tsx(8,3): error TS6133: 'ChevronRight' is declared but its value is never read.
src/components/layout/AppTopbar.tsx(17,3): error TS6133: 'BreadcrumbPage' is declared but its value is never read.
src/pages/Dashboard.tsx(1,1): error TS6133: 'React' is declared but its value is never read.
